#--------------------------------------------------------
# Show modified files
git status -s
git status --porcelain

#--------------------------------------------------------
# Checkout quick and efficient (with just last commit history)
git clone <url> <target directory> --depth=1

#--------------------------------------------------------
# Switch to previous branch
git checkout -

#--------------------------------------------------------
# Diff with previous commit
git diff --stat HEAD^
git diff --stat HEAD^ HEAD
git diff --stat HEAD^ HEAD -- <file>

#--------------------------------------------------------
# Diff between commits
git diff --stat 152cb7b 53886f6

#--------------------------------------------------------
# Diff for a specific commit
git diff --stat --color dc14a600d17e7ddc579085f6f1a26a131cffd58d^ dc14a600d17e7ddc579085f6f1a26a131cffd58d | less -R 
git diff --color dc14a600d17e7ddc579085f6f1a26a131cffd58d^ dc14a600d17e7ddc579085f6f1a26a131cffd58d | less -R

#--------------------------------------------------------
# Debug with git : http://www.git-attitude.fr/2014/12/09/git-bisect/
$ git bisect start
$ git bisect bad <HEAD or commit>
$ git bisect good d7ffe6a
Bisecting: 34 revisions left to test after this (roughly 5 steps)
[fca1e1f16e4dc56bd6c47e8d25f51b18598ba1f8] <message>
$ git bisect good
Bisecting: 17 revisions left to test after this (roughly 4 steps)
[6524dc6c01bfda4848a7a4535bb3d611ee6cde0a] <message>
$ git bisect good
Bisecting: 8 revisions left to test after this (roughly 3 steps)
[658bd0ce33fe033d290a3dc0ef745eb9e214e921] <message>
$ git bisect good
Bisecting: 4 revisions left to test after this (roughly 2 steps)
[e83f14034dd63f7fd44799d3948013619a2af80a] <message>
$ git bisect skip
Bisecting: 3 revisions left to test after this (roughly 2 steps)
[ffdd9e3971701107e9160c4fc383b7acb4ef4f58] <message>
$ git bisect good
Bisecting: 1 revision left to test after this (roughly 1 step)
[5cade4df713952e19e81eef778df07b153f45c11] <message>
$ git bisect good
Bisecting: 0 revisions left to test after this (roughly 0 steps)
[ea4c2e70644466b240ad8bc715071d4f23ceded1] <message>
$ git bisect good
53886f6367ea501007f660facde31f6d79c8c1ed is the first bad commit
commit 53886f6367ea501007f660facde31f6d79c8c1ed
<message>

#--------------------------------------------------------
# git bisect to search commit that fixing bug
# https://stackoverflow.com/questions/15407075/how-could-i-use-git-bisect-to-find-the-first-good-commit
git bisect start --term-new=fixed --term-old=unfixed
git bisect fixed master
git bisect unfixed $some-old-sha1

#--------------------------------------------------------
# Add a new file to the previous local commit, without launching an editor :
git commit --amend --no-edit

#-------------------------------------------------------- 
# Modify last commit (not pushed yet)
git commit --amend -m "New Message"

#-------------------------------------------------------- 
# Move a patch from a repo to another (TODO TEST)
[FAILED] git log --pretty=email --patch-with-stat --reverse --full-index --binary -- tonjolifichiersrc > /tmp/patch
$ git format-patch ${commit_from}..${commit_to} <path ?> --stdout | sed 's@<path from>@<path to>@g' > <patch filename>
$ cd lenouveaurepo
$ git am --signoff -k -3 < <patch filename>

#-------------------------------------------------------- 
# Move current changes from a repo to another
# https://stackoverflow.com/questions/5159185/create-a-git-patch-from-the-changes-in-the-current-working-directory
repos1 $ git diff > /tmp/patch
repos2 $ git apply /tmp/patch

#-------------------------------------------------------- 
# Move a subfolder from a repo to another
# https://help.github.com/en/articles/splitting-a-subfolder-out-into-a-new-repository
git filter-branch --prune-empty --subdirectory-filter FOLDER-NAME  BRANCH-NAME 

#-------------------------------------------------------- 
# Check diff added but not committed
git diff --cached --stat

#-------------------------------------------------------- 
# Use Tag (https://git-scm.com/book/en/v2/Git-Basics-Tagging)
# Commit before tag, and just :
git tag v1.2.3
# Or
git tag # List
git tag -a v1.4 -m 'my version 1.4' <hash> # Create
git show v1.4 # Show commit
git push --tag[s] # Push tag
git describe [--always] [--tags] # Show current tag

#-------------------------------------------------------- 
# Remote
git remote -v
git config --get remote.origin.url
git remote add origin <url>
git remote set-url origin <url>

#-------------------------------------------------------- 
# Push local commits to Remote
git remote add origin <url>
git push -u origin master


#=============================================================================#
# GIT INIT                                                                    #
#=============================================================================#


#-------------------------------------------------------- 
# Local repository

$ git init <project.git> && cd $_
$ echo "Dum Apud Persas, ut supra narravimus, perfidia regis motus agitat insperatos" > file
$ git add file && git commit -m "test" file
$ echo "Dum apud Persas, ut supra narravimus, perfidia regis motus agitat insperatos" > file
$ git diff --word-diff
Dum [-Apud-]{+apud+} Persas, ut supra narravimus, perfidia regis motus agitat insperatos

#-------------------------------------------------------- 
# Remote repository

<user>@<server>:~/git$ git init --bare <project.git>
$ git clone <user>@<server>:git/<project.git>
$ touch file && git add file && git commit -m "test" file
$ git push --set-upstream origin master
    
    
#=============================================================================#
# GIT LOG                                                                     #
#=============================================================================#


#-------------------------------------------------------- 
# Log and filename
git log --name-status

#-------------------------------------------------------- 
# Find history of a deleted file
git log -- <deleted filename>

#-------------------------------------------------------- 
# History of a function
# -L <start>,<end>:<file>, -L :<regex>:<file>
git log -L :main:toto.c


#=============================================================================#
# GIT REBASE / MERGE A BRANCH                                                 #
#=============================================================================#


#--------------------------------------------------------
# Used 20241120
# https://delicious-insights.com/fr/articles/bien-utiliser-git-merge-et-rebase/
# Merge :
#     * avec preservation des commits
#     * sans aiguillage
#     * avec reintegration des commits de master entre temps
BRANCH_QUICK_FIXES=quick_fixes
git checkout -b ${BRANCH_QUICK_FIXES} origin/${BRANCH_QUICK_FIXES}
git checkout master
git rebase master ${BRANCH_QUICK_FIXES}
git checkout master
git merge ${BRANCH_QUICK_FIXES}
git push (master ?)
git push origin --delete ${BRANCH_QUICK_FIXES}
git branch -D ${BRANCH_QUICK_FIXES}
git fetch --prune


#=============================================================================#
# GIT MERGE (non destructive)                                                 #
#=============================================================================#


#--------------------------------------------------------
# Merge all commits from <branch> to master, and add after master (fast forward)
$ git checkout master && git merge <branch>

#--------------------------------------------------------
# Merge all commits from <branch> to master in only ONE commit, and add after master (fast forward)
$ git merge --squash ${BRANCH}


#=============================================================================#
# GIT REBASE (destructive)                                                    #
#=============================================================================#


#--------------------------------------------------------
# Update your OLD REMOTE BRANCH with last commits on MASTER (fast forward)
$ git checkout master && git pull --rebase
$ git checkout <branch> && git rebase master
$ git push --force (warning, instead of git pull and git push)
# Then on already checkout remote branch
$ git reset --hard (or something)


#=============================================================================#
# GIT REVERT (non destructive)                                                #
#=============================================================================#


#--------------------------------------------------------
# Generate a patch with a revert commit, for example re-work last remote commit (ALREADY PUSHED)
$ git revert HEAD


#=============================================================================#
# GIT RESET (destructive)                                                    #
#=============================================================================#


#--------------------------------------------------------
# Reset local
git reset HEAD --hard

#--------------------------------------------------------
# Get back previous state on your local working directory, for example re-work and remove local commit (NOT PUSHED)
git reset HEAD~1
git reset HEAD~ --soft

#--------------------------------------------------------
# Force reset (modified files from these commits are reset)
git reset 99e0c04 --hard
git push origin master --force

#-------------------------------------------------------- 
# Cancel a git add
git reset
git reset <file>


#=============================================================================#
# GIT STASH                                                                   #
#=============================================================================#


git stash push
git stash pop
git stash apply
git stash drop
git stash branch

#-------------------------------------------------------- 
# Git pull rebase and stash : https://stackoverflow.com/questions/30208928/can-git-pull-automatically-stash-and-pop-pending-changes
# with 3 commands
git stash save "<message>" ; git pull --rebase ; git stash pop

# with one command
git pull --rebase --autostash

# with git config
git config [--global ] pull.rebase true
git config [--global ] rebase.autoStash true

# List of stash
git stash list

# with untracked files
git stash save -u "<message>"

# https://stackoverflow.com/questions/10508903/cannot-apply-stash-to-working-directory
# Restore Stash files tracked and untracked
# "Could not restore untracked files from stash"
# "Impossible de restaurer les fichiers non-suivis depuis le remisage"
rm `git ls-tree -r stash@{0}^3 --name-only`
git stash apply

# Revert à Stash 
git stash show -p stash@{0} | git apply -R

# https://git-scm.com/book/fr/v2/Utilitaires-Git-Remisage-et-nettoyage
# Converting a stash to a branch :
git stash branch <branch>

