#---------------------
# Install Debian Stretch from Debian Stretch
# aptitude install -t stretch-backports vagrant virtualbox
# aptitude install linux-headers-amd64
# modprobe vboxdrv

#---------------------
# With this specific error
$ VBoxManage --version
WARNING: The character device /dev/vboxdrv does not exist.
	 Please install the virtualbox-dkms package and the appropriate
	 headers, most likely linux-headers-amd64.

	 You will not be able to start VMs until this problem is fixed.
5.2.24_Debianr128122
# modprobe vboxdrv
modprobe: ERROR: could not insert 'vboxdrv': Invalid argument

Solution : reinstall
# aptitude remove vagrant virtualbox linux-headers-amd64
# aptitude install linux-headers-amd64
# aptitude install -t stretch-backports vagrant virtualbox
# modprobe vboxdrv

#---------------------
# Get image
vagrant init debian/stretch64

#---------------------
# vagrant box
vagrant box list
vagrant box add my-stretch64 stretch64.box

#---------------------
# Template

$ cat Vagrantfile 
# -*- mode: ruby -*-
# vi: set ft=ruby :

Vagrant.configure("2") do |config|
    config.vm.box = "debian/stretch64"

    # This block solves some performance issues
    config.vm.provider "virtualbox" do |v|
        v.linked_clone = true
        v.memory = 1024
        v.cpus = 2
        v.customize [ "storagectl", :id, "--name", "SATA Controller", "--hostiocache", "off" ]
    end
end

#---------------------
# Start VM
# https://www.vagrantup.com/docs/cli/up.html
$ vagrant up <host>
$ vagrant up --parallel

#---------------------
# Connect to VM
$ vagrant ssh <host>

#---------------------
# Root
vagrant@stretch:~$ sudo -s
root@stretch:/home/vagrant#

#---------------------
# vagrant-sshfs (aptitude install)
 config.vm.synced_folder ".", "/sshfs", type: "sshfs"
The current directory (".") will be mounted as "/sshfs" in VM. 

#---------------------
# Sync /vagrant
vagrant@stretch:~$ ls /vagrant/
Vagrantfile

$ touch toto
$ vagrant rsync

vagrant@stretch:~$ ls /vagrant/
toto  Vagrantfile

#---------------------
# Clean inaccessible VMs

Error :
12:01 $ vagrant up os9
Bringing machine 'os9' up with 'virtualbox' provider...
Your VM has become "inaccessible." Unfortunately, this is a critical error
with VirtualBox that Vagrant can not cleanly recover from. Please open VirtualBox
and clear out your inaccessible virtual machines or find a way to fix
them.

Solution :
for vm in $(vboxmanage list vms | grep inaccessible | sed 's/.*{\(.*\)}.*/\1/g')
do
    vboxmanage unregistervm ${vm}
done


#---------------------
# Export / Import a box

export$ vagrant package <file.box>
import$ vagrant add box <name> <file.box>


#---------------------
# Copy files to a Vagrant guest via SCP, or reverse
# https://github.com/invernizzi/vagrant-scp

vagrant plugin install vagrant-scp
vagrant scp file_on_host.txt :file_on_vm.txt
vagrant scp :file_on_vm.txt file_on_host.txt


#---------------------
# VirtualBox Shared Directory (VirtualBox Guest Additions)

https://doc.ubuntu-fr.org/virtualbox_additions_invite


#---------------------
# Links
* https://en.wikipedia.org/wiki/Vagrant_(software)
* https://app.vagrantup.com/debian/boxes/stretch64
